<?xml version="1.0" encoding="UTF-8"?>

<map>
    <music path="anak-nes3.xm"/>
    <tiles width="200" height="30">
        <tile x="0" y="29" type="block"/>
        <tile x="1" y="29" type="block"/>
        <tile x="2" y="29" type="block"/>
        <tile x="3" y="26" type="coin-spawner"/>
        <tile x="3" y="29" type="block"/>
        <tile x="4" y="29" type="block"/>
        <tile x="5" y="29" type="block"/>
        <tile x="6" y="29" type="block"/>
        <tile x="7" y="29" type="block"/>
        <tile x="8" y="29" type="block"/>
        <tile x="9" y="26" type="black"/>
        <tile x="9" y="27" type="top-prickle"/>
        <tile x="9" y="28" type="block"/>
        <tile x="9" y="29" type="block"/>
        <tile x="10" y="26" type="black"/>
        <tile x="10" y="27" type="top-prickle"/>
        <tile x="11" y="27" type="top-prickle"/>
        <tile x="12" y="26" type="black"/>
        <tile x="12" y="27" type="top-prickle"/>
        <tile x="13" y="27" type="top-prickle"/>
        <tile x="14" y="26" type="black"/>
        <tile x="14" y="27" type="top-prickle"/>
        <tile x="15" y="26" type="black"/>
        <tile x="15" y="27" type="top-prickle"/>
        <tile x="16" y="27" type="top-prickle"/>
        <tile x="17" y="23" type="coin-spawner"/>
        <tile x="17" y="26" type="black"/>
        <tile x="17" y="27" type="top-prickle"/>
        <tile x="18" y="27" type="top-prickle"/>
        <tile x="19" y="26" type="black"/>
        <tile x="19" y="27" type="top-prickle"/>
        <tile x="20" y="26" type="black"/>
        <tile x="20" y="27" type="top-prickle"/>
        <tile x="21" y="27" type="top-prickle"/>
        <tile x="22" y="23" type="coin-spawner"/>
        <tile x="22" y="26" type="black"/>
        <tile x="22" y="27" type="top-prickle"/>
        <tile x="23" y="27" type="top-prickle"/>
        <tile x="24" y="26" type="black"/>
        <tile x="24" y="27" type="top-prickle"/>
        <tile x="25" y="27" type="top-prickle"/>
        <tile x="26" y="27" type="top-prickle"/>
        <tile x="27" y="26" type="black"/>
        <tile x="27" y="27" type="top-prickle"/>
        <tile x="28" y="27" type="top-prickle"/>
        <tile x="29" y="27" type="top-prickle"/>
        <tile x="30" y="27" type="top-prickle"/>
        <tile x="31" y="26" type="black"/>
        <tile x="31" y="27" type="top-prickle"/>
        <tile x="32" y="27" type="top-prickle"/>
        <tile x="33" y="27" type="top-prickle"/>
        <tile x="34" y="27" type="top-prickle"/>
        <tile x="35" y="23" type="heart-spawner"/>
        <tile x="35" y="26" type="black"/>
        <tile x="35" y="27" type="top-prickle"/>
        <tile x="36" y="26" type="black"/>
        <tile x="36" y="27" type="top-prickle"/>
        <tile x="37" y="27" type="top-prickle"/>
        <tile x="38" y="25" type="block"/>
        <tile x="38" y="27" type="top-prickle"/>
        <tile x="39" y="25" type="block"/>
        <tile x="39" y="27" type="top-prickle"/>
        <tile x="40" y="25" type="block"/>
        <tile x="40" y="27" type="top-prickle"/>
        <tile x="41" y="25" type="block"/>
        <tile x="41" y="27" type="top-prickle"/>
        <tile x="42" y="24" type="black"/>
        <tile x="42" y="25" type="block"/>
        <tile x="42" y="27" type="top-prickle"/>
        <tile x="43" y="27" type="top-prickle"/>
        <tile x="44" y="27" type="top-prickle"/>
        <tile x="45" y="25" type="black"/>
        <tile x="45" y="27" type="top-prickle"/>
        <tile x="46" y="25" type="black"/>
        <tile x="46" y="27" type="top-prickle"/>
        <tile x="47" y="27" type="top-prickle"/>
        <tile x="48" y="27" type="top-prickle"/>
        <tile x="49" y="25" type="black"/>
        <tile x="49" y="27" type="top-prickle"/>
        <tile x="50" y="27" type="top-prickle"/>
        <tile x="51" y="25" type="black"/>
        <tile x="51" y="27" type="top-prickle"/>
        <tile x="52" y="27" type="top-prickle"/>
        <tile x="53" y="27" type="top-prickle"/>
        <tile x="54" y="24" type="black"/>
        <tile x="54" y="27" type="top-prickle"/>
        <tile x="55" y="27" type="top-prickle"/>
        <tile x="56" y="22" type="black"/>
        <tile x="56" y="23" type="block"/>
        <tile x="56" y="27" type="top-prickle"/>
        <tile x="57" y="21" type="black"/>
        <tile x="57" y="23" type="block"/>
        <tile x="57" y="27" type="top-prickle"/>
        <tile x="58" y="23" type="block"/>
        <tile x="58" y="27" type="top-prickle"/>
        <tile x="59" y="23" type="block"/>
        <tile x="59" y="27" type="top-prickle"/>
        <tile x="60" y="13" type="top-prickle"/>
        <tile x="60" y="14" type="black"/>
        <tile x="60" y="15" type="black"/>
        <tile x="60" y="16" type="black"/>
        <tile x="60" y="17" type="black"/>
        <tile x="60" y="18" type="black"/>
        <tile x="60" y="19" type="bottom-prickle"/>
        <tile x="60" y="23" type="block"/>
        <tile x="60" y="27" type="top-prickle"/>
        <tile x="61" y="13" type="top-prickle"/>
        <tile x="61" y="18" type="top-prickle"/>
        <tile x="61" y="19" type="bottom-prickle"/>
        <tile x="61" y="23" type="block"/>
        <tile x="61" y="27" type="top-prickle"/>
        <tile x="62" y="13" type="top-prickle"/>
        <tile x="62" y="18" type="top-prickle"/>
        <tile x="62" y="19" type="bottom-prickle"/>
        <tile x="62" y="23" type="block"/>
        <tile x="62" y="27" type="top-prickle"/>
        <tile x="63" y="13" type="top-prickle"/>
        <tile x="63" y="18" type="top-prickle"/>
        <tile x="63" y="19" type="bottom-prickle"/>
        <tile x="63" y="23" type="block"/>
        <tile x="63" y="27" type="top-prickle"/>
        <tile x="64" y="13" type="top-prickle"/>
        <tile x="64" y="18" type="top-prickle"/>
        <tile x="64" y="19" type="bottom-prickle"/>
        <tile x="64" y="23" type="block"/>
        <tile x="64" y="27" type="top-prickle"/>
        <tile x="65" y="13" type="top-prickle"/>
        <tile x="65" y="18" type="top-prickle"/>
        <tile x="65" y="19" type="bottom-prickle"/>
        <tile x="65" y="23" type="block"/>
        <tile x="65" y="27" type="top-prickle"/>
        <tile x="66" y="13" type="top-prickle"/>
        <tile x="66" y="18" type="top-prickle"/>
        <tile x="66" y="19" type="bottom-prickle"/>
        <tile x="66" y="23" type="block"/>
        <tile x="66" y="27" type="top-prickle"/>
        <tile x="67" y="13" type="top-prickle"/>
        <tile x="67" y="18" type="top-prickle"/>
        <tile x="67" y="19" type="bottom-prickle"/>
        <tile x="67" y="23" type="block"/>
        <tile x="68" y="4" type="black"/>
        <tile x="68" y="5" type="black"/>
        <tile x="68" y="6" type="black"/>
        <tile x="68" y="7" type="black"/>
        <tile x="68" y="8" type="black"/>
        <tile x="68" y="9" type="black"/>
        <tile x="68" y="10" type="bottom-prickle"/>
        <tile x="68" y="13" type="top-prickle"/>
        <tile x="68" y="18" type="top-prickle"/>
        <tile x="68" y="19" type="bottom-prickle"/>
        <tile x="68" y="23" type="block"/>
        <tile x="69" y="4" type="black"/>
        <tile x="69" y="7" type="heart-spawner"/>
        <tile x="69" y="10" type="bottom-prickle"/>
        <tile x="69" y="13" type="top-prickle"/>
        <tile x="69" y="18" type="top-prickle"/>
        <tile x="69" y="19" type="bottom-prickle"/>
        <tile x="69" y="23" type="block"/>
        <tile x="70" y="4" type="black"/>
        <tile x="70" y="7" type="coin-spawner"/>
        <tile x="70" y="10" type="bottom-prickle"/>
        <tile x="70" y="13" type="top-prickle"/>
        <tile x="70" y="18" type="top-prickle"/>
        <tile x="70" y="19" type="bottom-prickle"/>
        <tile x="70" y="23" type="block"/>
        <tile x="71" y="4" type="black"/>
        <tile x="71" y="7" type="coin-spawner"/>
        <tile x="71" y="10" type="bottom-prickle"/>
        <tile x="71" y="13" type="top-prickle"/>
        <tile x="71" y="18" type="top-prickle"/>
        <tile x="71" y="19" type="bottom-prickle"/>
        <tile x="71" y="23" type="block"/>
        <tile x="72" y="4" type="black"/>
        <tile x="72" y="7" type="coin-spawner"/>
        <tile x="72" y="10" type="bottom-prickle"/>
        <tile x="72" y="13" type="top-prickle"/>
        <tile x="72" y="18" type="top-prickle"/>
        <tile x="72" y="19" type="bottom-prickle"/>
        <tile x="72" y="23" type="block"/>
        <tile x="73" y="4" type="black"/>
        <tile x="73" y="10" type="bottom-prickle"/>
        <tile x="73" y="13" type="top-prickle"/>
        <tile x="73" y="18" type="top-prickle"/>
        <tile x="73" y="19" type="bottom-prickle"/>
        <tile x="73" y="23" type="block"/>
        <tile x="74" y="4" type="black"/>
        <tile x="74" y="18" type="top-prickle"/>
        <tile x="74" y="19" type="bottom-prickle"/>
        <tile x="74" y="23" type="block"/>
        <tile x="75" y="4" type="black"/>
        <tile x="75" y="18" type="top-prickle"/>
        <tile x="75" y="19" type="bottom-prickle"/>
        <tile x="75" y="23" type="block"/>
        <tile x="76" y="4" type="black"/>
        <tile x="76" y="18" type="top-prickle"/>
        <tile x="76" y="19" type="bottom-prickle"/>
        <tile x="76" y="23" type="block"/>
        <tile x="77" y="4" type="black"/>
        <tile x="77" y="10" type="top-prickle"/>
        <tile x="77" y="11" type="block"/>
        <tile x="77" y="18" type="top-prickle"/>
        <tile x="77" y="19" type="bottom-prickle"/>
        <tile x="77" y="23" type="block"/>
        <tile x="78" y="4" type="black"/>
        <tile x="78" y="10" type="top-prickle"/>
        <tile x="78" y="11" type="block"/>
        <tile x="78" y="18" type="top-prickle"/>
        <tile x="78" y="19" type="bottom-prickle"/>
        <tile x="78" y="23" type="block"/>
        <tile x="79" y="4" type="black"/>
        <tile x="79" y="18" type="top-prickle"/>
        <tile x="79" y="19" type="bottom-prickle"/>
        <tile x="79" y="23" type="block"/>
        <tile x="80" y="4" type="black"/>
        <tile x="80" y="18" type="top-prickle"/>
        <tile x="80" y="19" type="bottom-prickle"/>
        <tile x="80" y="23" type="block"/>
        <tile x="81" y="4" type="black"/>
        <tile x="81" y="18" type="top-prickle"/>
        <tile x="81" y="19" type="bottom-prickle"/>
        <tile x="81" y="23" type="block"/>
        <tile x="82" y="4" type="black"/>
        <tile x="82" y="18" type="top-prickle"/>
        <tile x="82" y="19" type="bottom-prickle"/>
        <tile x="82" y="23" type="block"/>
        <tile x="83" y="4" type="black"/>
        <tile x="83" y="18" type="top-prickle"/>
        <tile x="83" y="19" type="bottom-prickle"/>
        <tile x="83" y="23" type="block"/>
        <tile x="84" y="4" type="black"/>
        <tile x="84" y="18" type="top-prickle"/>
        <tile x="84" y="19" type="bottom-prickle"/>
        <tile x="84" y="23" type="block"/>
        <tile x="85" y="4" type="black"/>
        <tile x="85" y="18" type="top-prickle"/>
        <tile x="85" y="19" type="bottom-prickle"/>
        <tile x="85" y="23" type="block"/>
        <tile x="86" y="4" type="black"/>
        <tile x="86" y="18" type="top-prickle"/>
        <tile x="86" y="19" type="bottom-prickle"/>
        <tile x="86" y="23" type="block"/>
        <tile x="87" y="4" type="black"/>
        <tile x="87" y="18" type="top-prickle"/>
        <tile x="87" y="19" type="bottom-prickle"/>
        <tile x="87" y="23" type="block"/>
        <tile x="88" y="4" type="black"/>
        <tile x="88" y="18" type="top-prickle"/>
        <tile x="88" y="19" type="bottom-prickle"/>
        <tile x="88" y="23" type="block"/>
        <tile x="89" y="4" type="black"/>
        <tile x="89" y="18" type="top-prickle"/>
        <tile x="89" y="19" type="bottom-prickle"/>
        <tile x="89" y="23" type="block"/>
        <tile x="90" y="4" type="black"/>
        <tile x="90" y="18" type="top-prickle"/>
        <tile x="90" y="19" type="bottom-prickle"/>
        <tile x="90" y="23" type="block"/>
        <tile x="91" y="1" type="flower-spawner"/>
        <tile x="91" y="4" type="black"/>
        <tile x="91" y="18" type="top-prickle"/>
        <tile x="91" y="19" type="bottom-prickle"/>
        <tile x="91" y="23" type="block"/>
        <tile x="92" y="4" type="black"/>
        <tile x="92" y="23" type="block"/>
        <tile x="93" y="4" type="black"/>
        <tile x="93" y="23" type="block"/>
        <tile x="94" y="4" type="black"/>
        <tile x="94" y="23" type="black"/>
        <tile x="95" y="4" type="black"/>
        <tile x="95" y="5" type="black"/>
        <tile x="95" y="6" type="black"/>
        <tile x="95" y="7" type="black"/>
        <tile x="95" y="8" type="black"/>
        <tile x="95" y="9" type="black"/>
        <tile x="95" y="10" type="black"/>
        <tile x="95" y="11" type="black"/>
        <tile x="95" y="12" type="black"/>
        <tile x="95" y="13" type="black"/>
        <tile x="95" y="14" type="black"/>
        <tile x="95" y="15" type="black"/>
        <tile x="95" y="16" type="black"/>
        <tile x="95" y="17" type="black"/>
        <tile x="95" y="18" type="black"/>
        <tile x="95" y="19" type="black"/>
        <tile x="95" y="20" type="black"/>
        <tile x="95" y="21" type="black"/>
        <tile x="95" y="22" type="black"/>
        <tile x="95" y="23" type="black"/>
        <tile x="96" y="12" type="top-prickle"/>
        <tile x="97" y="12" type="top-prickle"/>
        <tile x="98" y="12" type="top-prickle"/>
        <tile x="99" y="12" type="top-prickle"/>
        <tile x="100" y="7" type="block"/>
        <tile x="100" y="12" type="top-prickle"/>
        <tile x="101" y="7" type="block"/>
        <tile x="101" y="12" type="top-prickle"/>
        <tile x="102" y="7" type="block"/>
        <tile x="102" y="12" type="top-prickle"/>
        <tile x="103" y="7" type="block"/>
        <tile x="103" y="12" type="top-prickle"/>
        <tile x="104" y="12" type="top-prickle"/>
        <tile x="105" y="12" type="top-prickle"/>
        <tile x="106" y="12" type="top-prickle"/>
        <tile x="107" y="10" type="block"/>
        <tile x="107" y="12" type="top-prickle"/>
        <tile x="108" y="10" type="block"/>
        <tile x="108" y="12" type="top-prickle"/>
        <tile x="109" y="10" type="block"/>
        <tile x="109" y="12" type="top-prickle"/>
        <tile x="110" y="10" type="black"/>
        <tile x="110" y="11" type="black"/>
        <tile x="110" y="12" type="black"/>
        <tile x="110" y="13" type="black"/>
        <tile x="110" y="14" type="black"/>
        <tile x="110" y="15" type="black"/>
        <tile x="110" y="16" type="black"/>
        <tile x="110" y="17" type="black"/>
        <tile x="111" y="17" type="black"/>
        <tile x="112" y="17" type="black"/>
        <tile x="113" y="13" type="heart-spawner"/>
        <tile x="113" y="17" type="black"/>
        <tile x="114" y="13" type="heart-spawner"/>
        <tile x="114" y="17" type="black"/>
        <tile x="115" y="13" type="heart-spawner"/>
        <tile x="115" y="17" type="black"/>
        <tile x="116" y="13" type="heart-spawner"/>
        <tile x="116" y="17" type="black"/>
        <tile x="117" y="13" type="heart-spawner"/>
        <tile x="117" y="17" type="black"/>
        <tile x="118" y="13" type="heart-spawner"/>
        <tile x="118" y="17" type="black"/>
        <tile x="119" y="13" type="heart-spawner"/>
        <tile x="119" y="17" type="black"/>
        <tile x="120" y="13" type="heart-spawner"/>
        <tile x="120" y="17" type="black"/>
        <tile x="121" y="13" type="heart-spawner"/>
        <tile x="121" y="17" type="black"/>
        <tile x="122" y="13" type="heart-spawner"/>
        <tile x="122" y="17" type="black"/>
        <tile x="123" y="13" type="heart-spawner"/>
        <tile x="123" y="17" type="black"/>
        <tile x="124" y="13" type="heart-spawner"/>
        <tile x="124" y="17" type="black"/>
        <tile x="125" y="13" type="heart-spawner"/>
        <tile x="125" y="17" type="black"/>
        <tile x="126" y="13" type="heart-spawner"/>
        <tile x="126" y="17" type="black"/>
        <tile x="127" y="17" type="black"/>
        <tile x="128" y="17" type="black"/>
        <tile x="129" y="17" type="black"/>
        <tile x="130" y="17" type="black"/>
        <tile x="131" y="17" type="black"/>
        <tile x="132" y="17" type="black"/>
        <tile x="133" y="17" type="black"/>
        <tile x="134" y="17" type="black"/>
        <tile x="135" y="15" type="black"/>
        <tile x="135" y="16" type="black"/>
        <tile x="135" y="17" type="black"/>
        <tile x="136" y="15" type="black"/>
        <tile x="137" y="15" type="black"/>
        <tile x="138" y="13" type="black"/>
        <tile x="138" y="14" type="black"/>
        <tile x="138" y="15" type="black"/>
        <tile x="139" y="13" type="black"/>
        <tile x="140" y="13" type="black"/>
        <tile x="141" y="13" type="black"/>
        <tile x="142" y="13" type="black"/>
        <tile x="143" y="13" type="black"/>
        <tile x="144" y="0" type="block"/>
        <tile x="144" y="1" type="block"/>
        <tile x="144" y="2" type="block"/>
        <tile x="144" y="3" type="block"/>
        <tile x="144" y="4" type="block"/>
        <tile x="144" y="5" type="block"/>
        <tile x="144" y="6" type="block"/>
        <tile x="144" y="7" type="block"/>
        <tile x="144" y="8" type="block"/>
        <tile x="144" y="9" type="block"/>
        <tile x="144" y="10" type="block"/>
        <tile x="144" y="11" type="block"/>
        <tile x="144" y="12" type="block"/>
        <tile x="144" y="13" type="black"/>
    </tiles>
    <entities>
        <entity x="1418" y="115" type="warp" target="Boss.map"/>
        <entity x="271" y="231" type="coin"/>
        <entity x="281" y="231" type="coin"/>
        <entity x="290" y="231" type="coin"/>
        <entity x="299" y="231" type="coin"/>
        <entity x="308" y="231" type="coin"/>
        <entity x="395" y="233" type="save point"/>
        <entity x="427" y="244" type="spawner" entity-type="rocket" interval="100" start-delay="0" offset-x="3" offset-y="0" direction="1" speed="1.200000"/>
        <entity x="567" y="222" type="spawner" entity-type="rocket" interval="250" start-delay="0" offset-x="2" offset-y="0" direction="1" speed="2.000000"/>
        <entity x="578" y="211" type="spawner" entity-type="rocket" interval="250" start-delay="0" offset-x="2" offset-y="0" direction="1" speed="2.000000"/>
        <entity x="490" y="241" type="coin"/>
        <entity x="511" y="241" type="coin"/>
        <entity x="511" y="230" type="coin"/>
        <entity x="521" y="230" type="coin"/>
        <entity x="531" y="230" type="coin"/>
        <entity x="540" y="230" type="coin"/>
        <entity x="551" y="221" type="coin"/>
        <entity x="561" y="210" type="coin"/>
        <entity x="571" y="201" type="coin"/>
        <entity x="710" y="221" type="goomba" fall-from-borders="1"/>
        <entity x="6" y="271" type="player"/>
        <entity x="1274" y="145" type="fly"/>
        <entity x="1317" y="145" type="fly"/>
        <entity x="1298" y="127" type="fly"/>
        <entity x="793" y="221" type="goomba" fall-from-borders="1"/>
        <entity x="1287" y="135" type="fly"/>
        <entity x="860" y="220" type="fly"/>
        <entity x="910" y="217" type="save point"/>
        <entity x="709" y="201" type="coin"/>
        <entity x="720" y="201" type="coin"/>
        <entity x="733" y="201" type="coin"/>
        <entity x="762" y="201" type="coin"/>
        <entity x="773" y="201" type="coin"/>
        <entity x="786" y="201" type="coin"/>
        <entity x="927" y="220" type="platform" range="100" direction="2" wait="25" speed="1.000000" start-delay="0"/>
        <entity x="886" y="121" type="platform" range="100" direction="0" wait="25" speed="1.000000" start-delay="100"/>
        <entity x="751" y="122" type="platform" range="100" direction="0" wait="25" speed="1.000000" start-delay="0"/>
        <entity x="930" y="211" type="coin"/>
        <entity x="930" y="200" type="coin"/>
        <entity x="930" y="190" type="coin"/>
        <entity x="930" y="160" type="coin"/>
        <entity x="930" y="151" type="coin"/>
        <entity x="930" y="141" type="coin"/>
        <entity x="627" y="122" type="platform" range="100" direction="2" wait="25" speed="1.000000" start-delay="100"/>
        <entity x="691" y="50" type="coin"/>
        <entity x="701" y="50" type="coin"/>
        <entity x="710" y="50" type="coin"/>
        <entity x="720" y="50" type="coin"/>
        <entity x="720" y="60" type="coin"/>
        <entity x="710" y="60" type="coin"/>
        <entity x="701" y="60" type="coin"/>
        <entity x="690" y="60" type="coin"/>
        <entity x="889" y="28" type="goomba" fall-from-borders="0"/>
        <entity x="878" y="31" type="goomba" fall-from-borders="0"/>
        <entity x="760" y="29" type="goomba" fall-from-borders="0"/>
        <entity x="773" y="29" type="goomba" fall-from-borders="0"/>
        <entity x="790" y="29" type="goomba" fall-from-borders="0"/>
        <entity x="811" y="30" type="goomba" fall-from-borders="0"/>
        <entity x="1005" y="60" type="goomba" fall-from-borders="0"/>
        <entity x="1023" y="60" type="goomba" fall-from-borders="0"/>
        <entity x="921" y="11" type="coin"/>
        <entity x="921" y="0" type="coin"/>
        <entity x="911" y="0" type="coin"/>
        <entity x="900" y="0" type="coin"/>
        <entity x="900" y="11" type="coin"/>
        <entity x="922" y="20" type="coin"/>
        <entity x="910" y="20" type="coin"/>
        <entity x="900" y="20" type="coin"/>
        <entity x="1229" y="118" type="goomba" fall-from-borders="0"/>
        <entity x="1200" y="118" type="goomba" fall-from-borders="0"/>
        <entity x="1171" y="118" type="goomba" fall-from-borders="0"/>
        <entity x="1137" y="118" type="goomba" fall-from-borders="0"/>
        <entity x="1251" y="118" type="goomba" fall-from-borders="0"/>
        <entity x="1283" y="157" type="goomba" fall-from-borders="1"/>
        <entity x="1269" y="157" type="goomba" fall-from-borders="1"/>
        <entity x="1255" y="157" type="goomba" fall-from-borders="1"/>
        <entity x="1241" y="157" type="goomba" fall-from-borders="1"/>
        <entity x="731" y="217" type="goomba" fall-from-borders="1"/>
    </entities>
</map>
